# clear error log